[backblue.gif]
[fade.gif]
[index.html]
[www.gitedupavillon.fr/Images/flag-fr.png]
[www.gitedupavillon.fr/Images/flag-gb.png]
[www.gitedupavillon.fr/Images/photo accueil.jpg]
[www.gitedupavillon.fr/index.html]
[www.gitedupavillon.fr/en/index.html]
[www.gitedupavillon.fr/Images/PieceVie/salon_2.jpg]
[www.gitedupavillon.fr/Images/PieceVie/cuisine_1.jpg]
[www.gitedupavillon.fr/Images/PieceVie/cuisine_2.jpg]
[www.gitedupavillon.fr/Images/PieceVie/cuisine_3.jpg]
[www.gitedupavillon.fr/Images/PieceVie/terrasse.jpg]
[www.gitedupavillon.fr/Images/Chambre1/chambre1_1.jpg]
[www.gitedupavillon.fr/Images/Chambre1/chambre1_2.jpg]
[www.gitedupavillon.fr/Images/Chambre2/chambre2_1.jpg]
[www.gitedupavillon.fr/Images/Chambre2/chambre2_2.jpg]
[www.gitedupavillon.fr/Home/Pictures.html]
[www.gitedupavillon.fr/Home/Book.html]
[www.gitedupavillon.fr/Home/Contact.html]
[www.gitedupavillon.fr/Home/News.html]
[www.gitedupavillon.fr/en.html]
[www.gitedupavillon.fr/bundles/owncssd862.css]
[www.gitedupavillon.fr/Images/panorama.jpg]
[www.gitedupavillon.fr/bundles/ownjs1402.css]
[www.gitedupavillon.fr/en/Home/Pictures.html]
[www.gitedupavillon.fr/en/Home/Book.html]
[www.gitedupavillon.fr/en/Home/Contact.html]
[www.gitedupavillon.fr/en/Home/News.html]
[www.gitedupavillon.fr/indexe68f.html]
[www.gitedupavillon.fr/Home/Error552d.html]
[www.gitedupavillon.fr/Home/Picturese68f.html]
[www.gitedupavillon.fr/Home/Booke68f.html]
[www.gitedupavillon.fr/Home/Contacte68f.html]
[www.gitedupavillon.fr/Home/Newse68f.html]
[www.gitedupavillon.fr/Home/Error.html]
[www.gitedupavillon.fr/en/Home/Error.html]
[www.gitedupavillon.fr/Home/Errore68f.html]
